// Jest Snapshot v1, https://goo.gl/fbAQLP

exports[`Select tests Select with value render properly 1`] = `
<div
  className={
    Object {
      "has": [Function],
      "is": [Function],
      "mix": [Function],
      "split": [Function],
      "state": [Function],
      "toString": [Function],
    }
  }
  onClick={[Function]}
  onMouseLeave={[Function]}
>
  <div
    className={
      Object {
        "has": [Function],
        "is": [Function],
        "mix": [Function],
        "split": [Function],
        "state": [Function],
        "toString": [Function],
      }
    }
  >
    test
    <SVGInline
      className="select__arrow"
      classSuffix="-svg"
      cleanup={Array []}
      cleanupExceptions={Array []}
      component="span"
      svg="test-file-stub"
    />
  </div>
</div>
`;
