// Jest Snapshot v1, https://goo.gl/fbAQLP

exports[`PayHistory tests PayHistory with props render properly 1`] = `
<Fragment>
  <BackBlock>
    <span>
      payHistory test
    </span>
  </BackBlock>
  <section
    className="pay-history"
  >
    <Spinner
      isLoading={false}
    />
    <PayHistoryItem
      item={
        Object {
          "amount": 60,
          "date": "05.08.2019 09:15",
          "id": 1751,
          "status": 6,
          "type": "payment",
        }
      }
      key="1751"
      locale={
        Object {
          "amount": "amount test",
          "date": "date test",
          "operationType": "operationType test",
          "payHistory": "payHistory test",
          "paymentTypes": Object {
            "1": "Refill balance",
            "10": "Withdrawal",
            "114": "Payment with cashier",
            "16": "Payment with FREEKASSA",
            "6": "Bet win",
          },
          "status": "status test",
          "success": "success test",
          "withdrawalStatuses": Object {
            "0": "Created",
            "1": "During",
            "2": "Paid out",
            "3": "Blocked",
            "4": "Canceled",
          },
        }
      }
    />
    <PayHistoryItem
      item={
        Object {
          "amount": 25,
          "date": "24.07.2019 02:14",
          "id": 480,
          "status": 6,
          "type": "payment",
        }
      }
      key="480"
      locale={
        Object {
          "amount": "amount test",
          "date": "date test",
          "operationType": "operationType test",
          "payHistory": "payHistory test",
          "paymentTypes": Object {
            "1": "Refill balance",
            "10": "Withdrawal",
            "114": "Payment with cashier",
            "16": "Payment with FREEKASSA",
            "6": "Bet win",
          },
          "status": "status test",
          "success": "success test",
          "withdrawalStatuses": Object {
            "0": "Created",
            "1": "During",
            "2": "Paid out",
            "3": "Blocked",
            "4": "Canceled",
          },
        }
      }
    />
    <PayHistoryItem
      item={
        Object {
          "amount": 50,
          "date": "18.07.2019 21:43",
          "id": 10,
          "paymentMode": "Card",
          "purse": null,
          "status": 1,
          "type": "withdrawal",
        }
      }
      key="10"
      locale={
        Object {
          "amount": "amount test",
          "date": "date test",
          "operationType": "operationType test",
          "payHistory": "payHistory test",
          "paymentTypes": Object {
            "1": "Refill balance",
            "10": "Withdrawal",
            "114": "Payment with cashier",
            "16": "Payment with FREEKASSA",
            "6": "Bet win",
          },
          "status": "status test",
          "success": "success test",
          "withdrawalStatuses": Object {
            "0": "Created",
            "1": "During",
            "2": "Paid out",
            "3": "Blocked",
            "4": "Canceled",
          },
        }
      }
    />
    <PayHistoryItem
      item={
        Object {
          "amount": 50,
          "date": "11.07.2019 18:33",
          "id": 7,
          "paymentMode": "Card",
          "purse": "50505050",
          "status": 1,
          "type": "withdrawal",
        }
      }
      key="7"
      locale={
        Object {
          "amount": "amount test",
          "date": "date test",
          "operationType": "operationType test",
          "payHistory": "payHistory test",
          "paymentTypes": Object {
            "1": "Refill balance",
            "10": "Withdrawal",
            "114": "Payment with cashier",
            "16": "Payment with FREEKASSA",
            "6": "Bet win",
          },
          "status": "status test",
          "success": "success test",
          "withdrawalStatuses": Object {
            "0": "Created",
            "1": "During",
            "2": "Paid out",
            "3": "Blocked",
            "4": "Canceled",
          },
        }
      }
    />
  </section>
</Fragment>
`;
