// Jest Snapshot v1, https://goo.gl/fbAQLP

exports[`SwitchBox tests SwitchBox with props render properly 1`] = `
<div
  className={
    Object {
      "has": [Function],
      "is": [Function],
      "mix": [Function],
      "split": [Function],
      "state": [Function],
      "toString": [Function],
    }
  }
  onClick={[Function]}
>
  <div
    className={
      Object {
        "has": [Function],
        "is": [Function],
        "mix": [Function],
        "split": [Function],
        "state": [Function],
        "toString": [Function],
      }
    }
  />
</div>
`;
